src/db/check-db.ts(8,25): error TS2352: Conversion of type 'ResultSetHeader' to type 'any[]' may be a mistake because neither type sufficiently overlaps with the other. If this was intentional, convert the expression to 'unknown' first.
  Type 'ResultSetHeader' is missing the following properties from type 'any[]': length, pop, push, concat, and 35 more.
src/db/drop-db.ts(8,25): error TS2352: Conversion of type 'ResultSetHeader' to type 'any[]' may be a mistake because neither type sufficiently overlaps with the other. If this was intentional, convert the expression to 'unknown' first.
  Type 'ResultSetHeader' is missing the following properties from type 'any[]': length, pop, push, concat, and 35 more.
src/db/drop-db.ts(18,72): error TS2345: Argument of type 'unknown' is not assignable to parameter of type 'string'.
src/db/inspect-projects.ts(15,9): error TS2304: Cannot find name 'fs'.
